Microchip MPLAB XC8 Compiler V2.40

Linker command line:

-W-3 \
  --edf=C:\Program Files\Microchip\xc8\v2.40\pic\dat\20220703182018_en.msgs \
  -cn -h+dist/default/production\Trabalho2Micros.X.production.sym \
  --cmf=dist/default/production\Trabalho2Micros.X.production.cmf -z \
  -Q18F4550 -oC:\Users\EMANUE~1\AppData\Local\Temp\xcAs53g.4 \
  --defsym=__MPLAB_BUILD=1 --fixupoverflow=error \
  -Mdist/default/production/Trabalho2Micros.X.production.map \
  --md=C:\Users\EMANUE~1\AppData\Local\Temp\xcAs53g.dat -E1 \
  -ver=XC8 Compiler --acfsm=1493 -ACODE=00h-07FFFh -ACONST=00h-07FFFh \
  -ASMALLCONST=0800h-08FFhx120 -AMEDIUMCONST=0800h-07FFFh -ACOMRAM=01h-05Fh \
  -AABS1=00h-07FFh -ABIGRAM=01h-07FFh -ARAM=060h-0FFh,0100h-01FFhx7 \
  -ABANK0=060h-0FFh -ABANK1=0100h-01FFh -ABANK2=0200h-02FFh \
  -ABANK3=0300h-03FFh -ABANK4=0400h-04FFh -ABANK5=0500h-05FFh \
  -ABANK6=0600h-06FFh -ABANK7=0700h-07FFh -ASFR=0F60h-0FFFh \
  -ABIGSFR=0F60h-0FFFh -ACONFIG=0300000h-030000Dh -AIDLOC=0200000h-0200007h \
  -AEEDATA=0F00000h-0F000FFh -peeprom_data=EEDATA \
  -preset_vec=00h,intcode=08h,intcodelo,powerup,init -pramtop=0800h \
  -psmallconst=SMALLCONST -pmediumconst=MEDIUMCONST -pconst=CONST \
  -AFARRAM=00h-00h \
  -prdata=COMRAM,nvrram=COMRAM,nvbit=COMRAM,rbss=COMRAM,rbit=COMRAM \
  -pfarbss=FARRAM,fardata=FARRAM,nvFARRAM=FARRAM \
  -pintsave_regs=BIGRAM,bigbss=BIGRAM,bigdata=BIGRAM -pbss=RAM \
  -pidata=CODE,irdata=CODE,ibigdata=CODE,ifardata=CODE -prparam=COMRAM \
  C:\Users\EMANUE~1\AppData\Local\Temp\xcAs53g.o \
  dist/default/production\Trabalho2Micros.X.production.o 

Object code version is 3.11

Machine type is 18F4550



                Name                               Link     Load   Length Selector   Space Scale
C:\Users\EMANUE~1\AppData\Local\Temp\xcAs53g.o
                idloc                            200000   200000        8        0       5
                config                           300000   300000        E        0       4
                init                                  E        E        4        4       0
                reset_vec                             0        0        4        0       0
dist/default/production\Trabalho2Micros.X.production.o
                intcode                               8        8        6        4       0
                idloc                            200000   200000        8        0       5
                config                           300000   300000        E        0       4
                temp                                 57       57        1        1       1
                smallconst                          800      800       34      400       0
                text21                             12E8     12E8       88      41A       0
                text20                             15F6     15F6       24      41A       0
                text19                             1634     1634       1A      41A       0
                intcode_body                       10CE     10CE       FC      41A       0
                text17                             1260     1260       88      41A       0
                text16                             15D2     15D2       24      41A       0
                text15                             1500     1500       42      41A       0
                text14                             1370     1370       82      41A       0
                text13                             161A     161A       1A      41A       0
                text12                              C94      C94      188      41A       0
                text11                              E1C      E1C      164      41A       0
                text10                             1542     1542       40      41A       0
                text9                              164E     164E        E      41A       0
                text8                              165C     165C        A      41A       0
                text7                              11CA     11CA       96      41A       0
                text6                              14BC     14BC       44      41A       0
                text5                              13F2     13F2       7A      41A       0
                text4                               834      834      27C      41A       0
                text3                               F80      F80      14E      41A       0
                text2                              146C     146C       50      41A       0
                text1                              15AA     15AA       28      41A       0
                text0                               AB0      AB0      1E4      41A       0
                cstackCOMRAM                          1        1       51        1       1
                cstackBANK0                          8A       8A       1E       60       1
                bssBANK0                             60       60       2A       60       1
                bssCOMRAM                            52       52        5        1       1
                cinit                              1582     1582       28      41A       0

TOTAL           Name                               Link     Load   Length     Space
        CLASS   CODE           
                intcode                               8        8        6         0
                init                                  E        E        4         0
                reset_vec                             0        0        4         0
                text21                             12E8     12E8       88         0
                text20                             15F6     15F6       24         0
                text19                             1634     1634       1A         0
                intcode_body                       10CE     10CE       FC         0
                text17                             1260     1260       88         0
                text16                             15D2     15D2       24         0
                text15                             1500     1500       42         0
                text14                             1370     1370       82         0
                text13                             161A     161A       1A         0
                text12                              C94      C94      188         0
                text11                              E1C      E1C      164         0
                text10                             1542     1542       40         0
                text9                              164E     164E        E         0
                text8                              165C     165C        A         0
                text7                              11CA     11CA       96         0
                text6                              14BC     14BC       44         0
                text5                              13F2     13F2       7A         0
                text4                               834      834      27C         0
                text3                               F80      F80      14E         0
                text2                              146C     146C       50         0
                text1                              15AA     15AA       28         0
                text0                               AB0      AB0      1E4         0
                cinit                              1582     1582       28         0

        CLASS   CONST          

        CLASS   SMALLCONST     
                smallconst                          800      800       34         0

        CLASS   MEDIUMCONST    

        CLASS   COMRAM         
                temp                                 57       57        1         1
                cstackCOMRAM                          1        1       51         1
                bssCOMRAM                            52       52        5         1

        CLASS   ABS1           

        CLASS   BIGRAM         

        CLASS   RAM            

        CLASS   BANK0          
                cstackBANK0                          8A       8A       1E         1
                bssBANK0                             60       60       2A         1

        CLASS   BANK1          

        CLASS   BANK2          

        CLASS   BANK3          

        CLASS   BANK4          

        CLASS   BANK5          

        CLASS   BANK6          

        CLASS   BANK7          

        CLASS   SFR            

        CLASS   BIGSFR         

        CLASS   CONFIG         
                config                           300000   300000        E         4

        CLASS   IDLOC          
                idloc                            200000   200000        8         5

        CLASS   EEDATA         

        CLASS   FARRAM         

        CLASS   HEAP           

        CLASS   STACK          



SEGMENTS        Name                           Load    Length   Top    Selector   Space  Class

                reset_vec                      000000  000004  000004         0       0  CODE    
                cstackCOMRAM                   000001  000057  000058         1       1  COMRAM  
                intcode                        000008  00000A  000012         4       0  CODE    
                bssBANK0                       000060  000048  0000A8        60       1  BANK0   
                smallconst                     000800  000034  000834       400       0  SMALLCON
                text4                          000834  000E32  001666       41A       0  CODE    


UNUSED ADDRESS RANGES

        Name                Unused          Largest block    Delta
        BANK0            0000A8-0000FF               58
        BANK1            000100-0001FF              100
        BANK2            000200-0002FF              100
        BANK3            000300-0003FF              100
        BANK4            000400-0004FF              100
        BANK5            000500-0005FF              100
        BANK6            000600-0006FF              100
        BANK7            000700-0007FF              100
        BIGRAM           000058-00005F                8
                         0000A8-0007FF              758
        BIGSFR           000F60-000FFF               A0
        CODE             000004-000007                4
                         000012-0007FF              7EE
                         001666-007FFF             699A
        COMRAM           000058-00005F                8
        CONST            000004-000007                4
                         000012-0007FF              7EE
                         001666-007FFF             699A
        EEDATA           F00000-F000FF              100
        MEDIUMCONST      001666-007FFF             699A
        RAM              0000A8-0007FF              100
        SFR              000F60-000FFF               A0
        SMALLCONST       001666-007FFF              100

                                  Symbol Table

?___aodiv                   cstackCOMRAM 000008
?___aomod                   cstackCOMRAM 000008
?_abs                       cstackCOMRAM 00001A
?_printf                    cstackBANK0  00009E
?_vfprintf                  cstackBANK0  000096
_ADCON1                     (abs)        000FC1
_GIE                        (abs)        007F97
_INT0IE                     (abs)        007F94
_INT0IF                     (abs)        007F91
_INT1IE                     (abs)        007F83
_INT1IF                     (abs)        007F80
_INT2IE                     (abs)        007F84
_INT2IF                     (abs)        007F81
_PEIE                       (abs)        007F96
_PORTAbits                  (abs)        000F80
_PORTD                      (abs)        000F83
_PORTDbits                  (abs)        000F83
_PR2                        (abs)        000FCB
_T2CONbits                  (abs)        000FCA
_TMR2                       (abs)        000FCC
_TMR2IF                     (abs)        007CF1
_TRISAbits                  (abs)        000F92
_TRISBbits                  (abs)        000F93
_TRISD                      (abs)        000F95
__HRAM                      (abs)        000000
__Habs1                     abs1         000000
__Hbank0                    bank0        000000
__Hbank1                    bank1        000000
__Hbank2                    bank2        000000
__Hbank3                    bank3        000000
__Hbank4                    bank4        000000
__Hbank5                    bank5        000000
__Hbank6                    bank6        000000
__Hbank7                    bank7        000000
__Hbigbss                   bigbss       000000
__Hbigdata                  bigdata      000000
__Hbigram                   bigram       000000
__Hbigsfr                   bigsfr       000000
__Hbss                      bss          000000
__HbssBANK0                 bssBANK0     000000
__HbssCOMRAM                bssCOMRAM    000000
__Hcinit                    cinit        000000
__Hclrtext                  clrtext      000000
__Hcomram                   comram       000000
__Hconfig                   config       30000E
__Hconst                    const        000000
__HcstackBANK0              cstackBANK0  000000
__HcstackCOMRAM             cstackCOMRAM 000000
__Hdata                     data         000000
__Heeprom_data              eeprom_data  000000
__Hfarbss                   farbss       000000
__Hfardata                  fardata      000000
__Hheap                     heap         000000
__Hibigdata                 ibigdata     000000
__Hidata                    idata        000000
__Hidloc                    idloc        200008
__Hifardata                 ifardata     000000
__Hinit                     init         000012
__Hintcode                  intcode      00000E
__Hintcode_body             intcode_body 000000
__Hintcodelo                intcodelo    00000E
__Hintentry                 intentry     000000
__Hintret                   intret       000000
__Hintsave_regs             intsave_regs 000000
__Hirdata                   irdata       000000
__Hmediumconst              mediumconst  000000
__HnvFARRAM                 nvFARRAM     000000
__Hnvbit                    nvbit        000000
__Hnvrram                   nvrram       000000
__Hparam                    rparam       000000
__Hpowerup                  powerup      00000E
__Hram                      ram          000000
__Hramtop                   ramtop       000800
__Hrbit                     rbit         000000
__Hrbss                     rbss         000000
__Hrdata                    rdata        000000
__Hreset_vec                reset_vec    000004
__Hrparam                   rparam       000000
__Hsfr                      sfr          000000
__Hsmallconst               smallconst   000834
__Hspace_0                  (abs)        001666
__Hspace_1                  (abs)        0000A8
__Hspace_2                  (abs)        000000
__Hspace_4                  (abs)        60000E
__Hstack                    stack        000000
__Hstruct                   struct       000000
__Htemp                     temp         000058
__Htext                     text         000000
__Htext0                    text0        000000
__Htext1                    text1        000000
__Htext10                   text10       000000
__Htext11                   text11       000000
__Htext12                   text12       000000
__Htext13                   text13       000000
__Htext14                   text14       000000
__Htext15                   text15       000000
__Htext16                   text16       000000
__Htext17                   text17       000000
__Htext19                   text19       000000
__Htext2                    text2        000000
__Htext20                   text20       000000
__Htext21                   text21       000000
__Htext3                    text3        000000
__Htext4                    text4        000000
__Htext5                    text5        000000
__Htext6                    text6        000000
__Htext7                    text7        000000
__Htext8                    text8        000000
__Htext9                    text9        000000
__LRAM                      (abs)        000001
__Labs1                     abs1         000000
__Lbank0                    bank0        000000
__Lbank1                    bank1        000000
__Lbank2                    bank2        000000
__Lbank3                    bank3        000000
__Lbank4                    bank4        000000
__Lbank5                    bank5        000000
__Lbank6                    bank6        000000
__Lbank7                    bank7        000000
__Lbigbss                   bigbss       000000
__Lbigdata                  bigdata      000000
__Lbigram                   bigram       000000
__Lbigsfr                   bigsfr       000000
__Lbss                      bss          000000
__LbssBANK0                 bssBANK0     000000
__LbssCOMRAM                bssCOMRAM    000000
__Lcinit                    cinit        000000
__Lclrtext                  clrtext      000000
__Lcomram                   comram       000000
__Lconfig                   config       000000
__Lconst                    const        000000
__LcstackBANK0              cstackBANK0  000000
__LcstackCOMRAM             cstackCOMRAM 000000
__Ldata                     data         000000
__Leeprom_data              eeprom_data  000000
__Lfarbss                   farbss       000000
__Lfardata                  fardata      000000
__Lheap                     heap         000000
__Libigdata                 ibigdata     000000
__Lidata                    idata        000000
__Lidloc                    idloc        000000
__Lifardata                 ifardata     000000
__Linit                     init         00000E
__Lintcode                  intcode      000008
__Lintcode_body             intcode_body 000000
__Lintcodelo                intcodelo    00000E
__Lintentry                 intentry     000000
__Lintret                   intret       000000
__Lintsave_regs             intsave_regs 000000
__Lirdata                   irdata       000000
__Lmediumconst              mediumconst  000000
__LnvFARRAM                 nvFARRAM     000000
__Lnvbit                    nvbit        000000
__Lnvrram                   nvrram       000000
__Lparam                    rparam       000000
__Lpowerup                  powerup      00000E
__Lram                      ram          000000
__Lramtop                   ramtop       000800
__Lrbit                     rbit         000000
__Lrbss                     rbss         000000
__Lrdata                    rdata        000000
__Lreset_vec                reset_vec    000000
__Lrparam                   rparam       000000
__Lsfr                      sfr          000000
__Lsmallconst               smallconst   000800
__Lspace_0                  (abs)        000000
__Lspace_1                  (abs)        000000
__Lspace_2                  (abs)        000000
__Lspace_4                  (abs)        000000
__Lstack                    stack        000000
__Lstruct                   struct       000000
__Ltemp                     temp         000057
__Ltext                     text         000000
__Ltext0                    text0        000000
__Ltext1                    text1        000000
__Ltext10                   text10       000000
__Ltext11                   text11       000000
__Ltext12                   text12       000000
__Ltext13                   text13       000000
__Ltext14                   text14       000000
__Ltext15                   text15       000000
__Ltext16                   text16       000000
__Ltext17                   text17       000000
__Ltext19                   text19       000000
__Ltext2                    text2        000000
__Ltext20                   text20       000000
__Ltext21                   text21       000000
__Ltext3                    text3        000000
__Ltext4                    text4        000000
__Ltext5                    text5        000000
__Ltext6                    text6        000000
__Ltext7                    text7        000000
__Ltext8                    text8        000000
__Ltext9                    text9        000000
__S0                        (abs)        001666
__S1                        (abs)        0000A8
__S4                        (abs)        000000
__S5                        (abs)        000000
___aodiv                    text12       000C94
___aodiv@counter            cstackCOMRAM 000018
___aodiv@dividend           cstackCOMRAM 000008
___aodiv@divisor            cstackCOMRAM 000010
___aodiv@quotient           cstackCOMRAM 00001A
___aodiv@sign               cstackCOMRAM 000019
___aomod                    text11       000E1C
___aomod@counter            cstackCOMRAM 000018
___aomod@dividend           cstackCOMRAM 000008
___aomod@divisor            cstackCOMRAM 000010
___aomod@sign               cstackCOMRAM 000019
___heap_hi                  (abs)        000000
___heap_lo                  (abs)        000000
___inthi_sp                 stack        000000
___intlo_sp                 stack        000000
___param_bank               (abs)        000000
___rparam_used              (abs)        000001
___sp                       stack        000000
__accesstop                 (abs)        000060
__activetblptr              (abs)        000001
__end_of___aodiv            text12       000E1C
__end_of___aomod            text11       000F80
__end_of__initialization    cinit        001598
__end_of_abs                text10       001582
__end_of_caracter_inicio    text15       001542
__end_of_dtoa               text4        000AB0
__end_of_envia_byte_lcd     text16       0015F6
__end_of_envia_nibble_lcd   text17       0012E8
__end_of_escreve_lcd        text9        00165C
__end_of_fputc              text7        001260
__end_of_fputs              text6        001500
__end_of_inicializa_lcd     text14       0013F2
__end_of_isr                intcode_body 0011CA
__end_of_limpa_lcd          text13       001634
__end_of_main               text0        000C94
__end_of_pad                text5        00146C
__end_of_printf             text1        0015D2
__end_of_putch              text8        001666
__end_of_vfpfcnvrt          text3        0010CE
__end_of_vfprintf           text2        0014BC
__end_ofi2_envia_byte_lcd   text20       00161A
__end_ofi2_envia_nibble_lcd text21       001370
__end_ofi2_limpa_lcd        text19       00164E
__initialization            cinit        001582
__mediumconst               mediumconst  000000
__pbssBANK0                 bssBANK0     000060
__pbssCOMRAM                bssCOMRAM    000052
__pcinit                    cinit        001582
__pcstackBANK0              cstackBANK0  00008A
__pcstackCOMRAM             cstackCOMRAM 000001
__pintcode                  intcode      000008
__pintcode_body             intcode_body 0010CE
__psmallconst               smallconst   000800
__ptext0                    text0        000AB0
__ptext1                    text1        0015AA
__ptext10                   text10       001542
__ptext11                   text11       000E1C
__ptext12                   text12       000C94
__ptext13                   text13       00161A
__ptext14                   text14       001370
__ptext15                   text15       001500
__ptext16                   text16       0015D2
__ptext17                   text17       001260
__ptext19                   text19       001634
__ptext2                    text2        00146C
__ptext20                   text20       0015F6
__ptext21                   text21       0012E8
__ptext3                    text3        000F80
__ptext4                    text4        000834
__ptext5                    text5        0013F2
__ptext6                    text6        0014BC
__ptext7                    text7        0011CA
__ptext8                    text8        00165C
__ptext9                    text9        00164E
__ramtop                    ramtop       000800
__smallconst                smallconst   000800
_abs                        text10       001542
_button1                    bssBANK0     000066
_button2                    bssBANK0     000064
_caracter_inicio            text15       001500
_dbuf                       bssBANK0     00006A
_dtoa                       text4        000834
_dtoa$881                   cstackCOMRAM 00003B
_envia_byte_lcd             text16       0015D2
_envia_nibble_lcd           text17       001260
_escreve_lcd                text9        00164E
_flags                      bssCOMRAM    000056
_fputc                      text7        0011CA
_fputs                      text6        0014BC
_inicializa_lcd             text14       001370
_isr                        intcode      000008
_limpa_lcd                  text13       00161A
_main                       text0        000AB0
_mediador                   bssBANK0     000068
_pad                        text5        0013F2
_prec                       bssCOMRAM    000054
_printf                     text1        0015AA
_putch                      text8        00165C
_temp_player1               bssBANK0     000062
_temp_player2               bssBANK0     000060
_vfpfcnvrt                  text3        000F80
_vfprintf                   text2        00146C
_width                      bssCOMRAM    000052
abs@a                       cstackCOMRAM 00001A
btemp                       temp         000057
caracter_inicio@coluna      cstackCOMRAM 00000C
caracter_inicio@linha       cstackCOMRAM 00000D
caracter_inicio@posicao     cstackCOMRAM 00000E
dtoa@d                      cstackCOMRAM 00002B
dtoa@fp                     cstackCOMRAM 000029
dtoa@i                      cstackCOMRAM 00004A
dtoa@n                      cstackCOMRAM 000041
dtoa@p                      cstackCOMRAM 00003D
dtoa@s                      cstackCOMRAM 000049
dtoa@w                      cstackCOMRAM 00003F
end_of_initialization       cinit        001598
envia_byte_lcd@dado         cstackCOMRAM 00000A
envia_byte_lcd@endereco     cstackCOMRAM 00000B
envia_nibble_lcd@dado       cstackCOMRAM 000009
escreve_lcd@c               cstackCOMRAM 00000C
fputc@c                     cstackCOMRAM 00000E
fputc@fp                    cstackCOMRAM 000010
fputs@c                     cstackCOMRAM 00001B
fputs@fp                    cstackCOMRAM 000019
fputs@i                     cstackCOMRAM 00001C
fputs@s                     cstackCOMRAM 000017
i2_envia_byte_lcd           text20       0015F6
i2_envia_nibble_lcd         text21       0012E8
i2_limpa_lcd                text19       001634
i2envia_byte_lcd@dado       cstackCOMRAM 000003
i2envia_byte_lcd@endereco   cstackCOMRAM 000004
i2envia_nibble_lcd@dado     cstackCOMRAM 000002
int$flags                   temp         000057
int_func                    intcode_body 0010CE
intlevel0                   text         000000
intlevel1                   text         000000
intlevel2                   text         000000
intlevel3                   text         000000
isa$std                     (abs)        000001
isa$xinst                   (abs)        000000
main@print_tela             cstackBANK0  0000A6
pad@buf                     cstackCOMRAM 000020
pad@fp                      cstackCOMRAM 00001E
pad@i                       cstackCOMRAM 000025
pad@p                       cstackCOMRAM 000022
pad@w                       cstackCOMRAM 000027
printf@ap                   cstackBANK0  0000A2
printf@fmt                  cstackBANK0  00009E
putch@data                  cstackCOMRAM 00000D
stackhi                     (abs)        000000
stacklo                     (abs)        000000
start                       init         00000E
start_initialization        cinit        001582
ttemp5                      temp         000058
ttemp6                      temp         00005B
ttemp7                      temp         00005F
vfpfcnvrt@ap                cstackCOMRAM 000050
vfpfcnvrt@convarg           cstackBANK0  00008C
vfpfcnvrt@cp                cstackBANK0  000094
vfpfcnvrt@fmt               cstackCOMRAM 00004E
vfpfcnvrt@fp                cstackCOMRAM 00004C
vfprintf@ap                 cstackBANK0  00009A
vfprintf@cfmt               cstackBANK0  00009C
vfprintf@fmt                cstackBANK0  000098
vfprintf@fp                 cstackBANK0  000096
wtemp8                      temp         000058


MODULE INFORMATION

Module		Function		Class		Link	Load	Size
C:\Program Files\Microchip\xc8\v2.40\pic\sources\c99\common\nf_fputc.c
		_fputc         		CODE           	11CA	0000	150

C:\Program Files\Microchip\xc8\v2.40\pic\sources\c99\common\nf_fputc.c estimated size: 150

C:\Program Files\Microchip\xc8\v2.40\pic\sources\c99\common\abs.c
		_abs           		CODE           	1542	0000	64

C:\Program Files\Microchip\xc8\v2.40\pic\sources\c99\common\abs.c estimated size: 64

C:\Program Files\Microchip\xc8\v2.40\pic\sources\c99\common\printf.c
		_printf        		CODE           	15AA	0000	40

C:\Program Files\Microchip\xc8\v2.40\pic\sources\c99\common\printf.c estimated size: 40

C:\Program Files\Microchip\xc8\v2.40\pic\sources\c99\common\nf_fputs.c
		_fputs         		CODE           	14BC	0000	68

C:\Program Files\Microchip\xc8\v2.40\pic\sources\c99\common\nf_fputs.c estimated size: 68

C:\Program Files\Microchip\xc8\v2.40\pic\sources\c99\common\aomod.c
		___aomod       		CODE           	0E1C	0000	356

C:\Program Files\Microchip\xc8\v2.40\pic\sources\c99\common\aomod.c estimated size: 356

shared
		i2_limpa_lcd   		CODE           	1634	0000	26
		__initialization		CODE           	1582	0000	22
		i2_envia_byte_lcd		CODE           	15F6	0000	36
		i2_envia_nibble_lcd		CODE           	12E8	0000	136

shared estimated size: 220

lcd.c
		_escreve_lcd   		CODE           	164E	0000	14
		_caracter_inicio		CODE           	1500	0000	66
		_limpa_lcd     		CODE           	161A	0000	26
		_inicializa_lcd		CODE           	1370	0000	130
		_envia_byte_lcd		CODE           	15D2	0000	36
		_envia_nibble_lcd		CODE           	1260	0000	136

lcd.c estimated size: 408

C:\Program Files\Microchip\xc8\v2.40\pic\sources\c99\common\doprnt.c
		_vfpfcnvrt     		CODE           	0F80	0000	334
		_pad           		CODE           	13F2	0000	122
		_dtoa          		CODE           	0834	0000	636
		_vfprintf      		CODE           	146C	0000	80

C:\Program Files\Microchip\xc8\v2.40\pic\sources\c99\common\doprnt.c estimated size: 1172

main.c
		_putch         		CODE           	165C	0000	10
		_main          		CODE           	0AB0	0000	484
		_isr           		CODE           	0008	0000	258

main.c estimated size: 752

C:\Program Files\Microchip\xc8\v2.40\pic\sources\c99\common\aodiv.c
		___aodiv       		CODE           	0C94	0000	392

C:\Program Files\Microchip\xc8\v2.40\pic\sources\c99\common\aodiv.c estimated size: 392

